antigravity.google
telegram.org
t.me
telegram.me
telegra.ph
telesco.pe
tdesktop.com
tg.dev
tx.me
graph.org
fragment.com
telegram-cdn.org
cdn-telegram.org
comments.app
core.telegram.org
venus.telegram.org
pluto.telegram.org
epicgames.com
epicgames.dev
unrealengine.com
fortnite.com
rocketleague.com
easy.ac
easyanticheat.net
eac-cdn.com
accounts.epicgames.com
tracking.epicgames.com
discord.gg
discord.com
discordapp.com
discordapp.net
discord.media
discord.new
discord.gift
discordstatus.com
dis.gd
cdn.discordapp.com
media.discordapp.net
googlevideo.com
youtube.com
youtu.be
ytimg.com
ggpht.com
youtubei.googleapis.com
googleusercontent.com
l.google.com
instagram.com
cdninstagram.com
facebook.com
fbcdn.net
messenger.com
whatsapp.com
whatsapp.net
openai.com
chatgpt.com
oaistatic.com
oaiusercontent.com
copilot.microsoft.com
instagram.com
cdninstagram.com
i.instagram.com
graph.instagram.com
api.instagram.com
help.instagram.com
platform.instagram.com
images.instagram.com
badges.instagram.com
business.instagram.com
engineering.instagram.com
l.instagram.com


